1786464177.758552 ?     Out IP 10.231.135.10.60196 > 10.231.136.10.18080: Flags [S], seq 554573100, win 65480, options [mss 65480,sackOK,TS val 3780167448 ecr 0,nop,wscale 10], length 0
1786464177.758602 ?     In  IP 10.231.136.10.18080 > 10.231.135.10.60196: Flags [S.], seq 198271179, ack 554573101, win 65468, options [mss 65480,sackOK,TS val 1669038546 ecr 3780167448,nop,wscale 10], length 0
1786464177.758624 ?     Out IP 10.231.135.10.60196 > 10.231.136.10.18080: Flags [.], ack 1, win 64, options [nop,nop,TS val 3780167448 ecr 1669038546], length 0
1786464177.758683 ?     Out IP 10.231.135.10.60196 > 10.231.136.10.18080: Flags [P.], seq 1:199, ack 1, win 64, options [nop,nop,TS val 3780167448 ecr 1669038546], length 198
1786464177.758698 ?     In  IP 10.231.136.10.18080 > 10.231.135.10.60196: Flags [.], ack 199, win 64, options [nop,nop,TS val 1669038546 ecr 3780167448], length 0
1786464177.758707 ?     Out IP 10.231.135.10.60196 > 10.231.136.10.18080: Flags [P.], seq 199:833, ack 1, win 64, options [nop,nop,TS val 3780167448 ecr 1669038546], length 634
1786464177.758716 ?     In  IP 10.231.136.10.18080 > 10.231.135.10.60196: Flags [.], ack 833, win 64, options [nop,nop,TS val 1669038546 ecr 3780167448], length 0
1786464177.762231 ?     In  IP 10.231.136.10.18080 > 10.231.135.10.60196: Flags [P.], seq 1:112, ack 833, win 64, options [nop,nop,TS val 1669038550 ecr 3780167448], length 111
1786464177.762251 ?     Out IP 10.231.135.10.60196 > 10.231.136.10.18080: Flags [.], ack 112, win 64, options [nop,nop,TS val 3780167452 ecr 1669038550], length 0
1786464177.762271 ?     In  IP 10.231.136.10.18080 > 10.231.135.10.60196: Flags [F.], seq 112, ack 833, win 64, options [nop,nop,TS val 1669038550 ecr 3780167452], length 0
1786464177.762296 ?     Out IP 10.231.135.10.60196 > 10.231.136.10.18080: Flags [F.], seq 833, ack 113, win 64, options [nop,nop,TS val 3780167452 ecr 1669038550], length 0
1786464177.762324 ?     In  IP 10.231.136.10.18080 > 10.231.135.10.60196: Flags [.], ack 834, win 64, options [nop,nop,TS val 1669038550 ecr 3780167452], length 0
1786464177.762385 ?     Out IP 10.231.135.10.60200 > 10.231.136.10.18080: Flags [S], seq 3557968582, win 65480, options [mss 65480,sackOK,TS val 3780167452 ecr 0,nop,wscale 10], length 0
1786464177.762402 ?     In  IP 10.231.136.10.18080 > 10.231.135.10.60200: Flags [S.], seq 1533799514, ack 3557968583, win 65468, options [mss 65480,sackOK,TS val 1669038550 ecr 3780167452,nop,wscale 10], length 0
1786464177.762413 ?     Out IP 10.231.135.10.60200 > 10.231.136.10.18080: Flags [.], ack 1, win 64, options [nop,nop,TS val 3780167452 ecr 1669038550], length 0
1786464177.762451 ?     Out IP 10.231.135.10.60200 > 10.231.136.10.18080: Flags [P.], seq 1:197, ack 1, win 64, options [nop,nop,TS val 3780167452 ecr 1669038550], length 196
1786464177.762461 ?     In  IP 10.231.136.10.18080 > 10.231.135.10.60200: Flags [.], ack 197, win 64, options [nop,nop,TS val 1669038550 ecr 3780167452], length 0
1786464177.762672 ?     In  IP 10.231.136.10.18080 > 10.231.135.10.60200: Flags [P.], seq 1:109, ack 197, win 64, options [nop,nop,TS val 1669038550 ecr 3780167452], length 108
1786464177.762679 ?     Out IP 10.231.135.10.60200 > 10.231.136.10.18080: Flags [.], ack 109, win 64, options [nop,nop,TS val 3780167452 ecr 1669038550], length 0
1786464177.762691 ?     In  IP 10.231.136.10.18080 > 10.231.135.10.60200: Flags [P.], seq 109:743, ack 197, win 64, options [nop,nop,TS val 1669038550 ecr 3780167452], length 634
1786464177.762695 ?     Out IP 10.231.135.10.60200 > 10.231.136.10.18080: Flags [.], ack 743, win 64, options [nop,nop,TS val 3780167452 ecr 1669038550], length 0
1786464177.762704 ?     In  IP 10.231.136.10.18080 > 10.231.135.10.60200: Flags [F.], seq 743, ack 197, win 64, options [nop,nop,TS val 1669038550 ecr 3780167452], length 0
1786464177.762720 ?     Out IP 10.231.135.10.60200 > 10.231.136.10.18080: Flags [F.], seq 197, ack 744, win 64, options [nop,nop,TS val 3780167452 ecr 1669038550], length 0
1786464177.762732 ?     In  IP 10.231.136.10.18080 > 10.231.135.10.60200: Flags [.], ack 198, win 64, options [nop,nop,TS val 1669038550 ecr 3780167452], length 0
1786464181.777818 ?     Out IP 10.231.135.10.41276 > 10.231.136.10.18080: Flags [S], seq 2068957816, win 65480, options [mss 65480,sackOK,TS val 3780171467 ecr 0,nop,wscale 10], length 0
1786464181.777866 ?     In  IP 10.231.136.10.18080 > 10.231.135.10.41276: Flags [S.], seq 3756194313, ack 2068957817, win 65468, options [mss 65480,sackOK,TS val 1669042565 ecr 3780171467,nop,wscale 10], length 0
1786464181.777885 ?     Out IP 10.231.135.10.41276 > 10.231.136.10.18080: Flags [.], ack 1, win 64, options [nop,nop,TS val 3780171467 ecr 1669042565], length 0
1786464181.777944 ?     Out IP 10.231.135.10.41276 > 10.231.136.10.18080: Flags [P.], seq 1:199, ack 1, win 64, options [nop,nop,TS val 3780171467 ecr 1669042565], length 198
1786464181.777958 ?     In  IP 10.231.136.10.18080 > 10.231.135.10.41276: Flags [.], ack 199, win 64, options [nop,nop,TS val 1669042565 ecr 3780171467], length 0
1786464181.777965 ?     Out IP 10.231.135.10.41276 > 10.231.136.10.18080: Flags [P.], seq 199:833, ack 1, win 64, options [nop,nop,TS val 3780171467 ecr 1669042565], length 634
1786464181.777972 ?     In  IP 10.231.136.10.18080 > 10.231.135.10.41276: Flags [.], ack 833, win 64, options [nop,nop,TS val 1669042565 ecr 3780171467], length 0
1786464181.780665 ?     In  IP 10.231.136.10.18080 > 10.231.135.10.41276: Flags [P.], seq 1:112, ack 833, win 64, options [nop,nop,TS val 1669042568 ecr 3780171467], length 111
1786464181.780678 ?     Out IP 10.231.135.10.41276 > 10.231.136.10.18080: Flags [.], ack 112, win 64, options [nop,nop,TS val 3780171470 ecr 1669042568], length 0
1786464181.780694 ?     In  IP 10.231.136.10.18080 > 10.231.135.10.41276: Flags [F.], seq 112, ack 833, win 64, options [nop,nop,TS val 1669042568 ecr 3780171470], length 0
1786464181.780709 ?     Out IP 10.231.135.10.41276 > 10.231.136.10.18080: Flags [F.], seq 833, ack 113, win 64, options [nop,nop,TS val 3780171470 ecr 1669042568], length 0
1786464181.780727 ?     In  IP 10.231.136.10.18080 > 10.231.135.10.41276: Flags [.], ack 834, win 64, options [nop,nop,TS val 1669042568 ecr 3780171470], length 0
1786464181.780776 ?     Out IP 10.231.135.10.41278 > 10.231.136.10.18080: Flags [S], seq 835715673, win 65480, options [mss 65480,sackOK,TS val 3780171470 ecr 0,nop,wscale 10], length 0
1786464181.780788 ?     In  IP 10.231.136.10.18080 > 10.231.135.10.41278: Flags [S.], seq 1296541072, ack 835715674, win 65468, options [mss 65480,sackOK,TS val 1669042568 ecr 3780171470,nop,wscale 10], length 0
1786464181.780795 ?     Out IP 10.231.135.10.41278 > 10.231.136.10.18080: Flags [.], ack 1, win 64, options [nop,nop,TS val 3780171470 ecr 1669042568], length 0
1786464181.780818 ?     Out IP 10.231.135.10.41278 > 10.231.136.10.18080: Flags [P.], seq 1:197, ack 1, win 64, options [nop,nop,TS val 3780171470 ecr 1669042568], length 196
1786464181.780824 ?     In  IP 10.231.136.10.18080 > 10.231.135.10.41278: Flags [.], ack 197, win 64, options [nop,nop,TS val 1669042568 ecr 3780171470], length 0
1786464181.780979 ?     In  IP 10.231.136.10.18080 > 10.231.135.10.41278: Flags [P.], seq 1:109, ack 197, win 64, options [nop,nop,TS val 1669042568 ecr 3780171470], length 108
1786464181.780984 ?     Out IP 10.231.135.10.41278 > 10.231.136.10.18080: Flags [.], ack 109, win 64, options [nop,nop,TS val 3780171470 ecr 1669042568], length 0
1786464181.780994 ?     In  IP 10.231.136.10.18080 > 10.231.135.10.41278: Flags [P.], seq 109:743, ack 197, win 64, options [nop,nop,TS val 1669042568 ecr 3780171470], length 634
1786464181.780997 ?     Out IP 10.231.135.10.41278 > 10.231.136.10.18080: Flags [.], ack 743, win 64, options [nop,nop,TS val 3780171470 ecr 1669042568], length 0
1786464181.781003 ?     In  IP 10.231.136.10.18080 > 10.231.135.10.41278: Flags [F.], seq 743, ack 197, win 64, options [nop,nop,TS val 1669042568 ecr 3780171470], length 0
1786464181.781009 ?     Out IP 10.231.135.10.41278 > 10.231.136.10.18080: Flags [F.], seq 197, ack 744, win 64, options [nop,nop,TS val 3780171470 ecr 1669042568], length 0
1786464181.781019 ?     In  IP 10.231.136.10.18080 > 10.231.135.10.41278: Flags [.], ack 198, win 64, options [nop,nop,TS val 1669042568 ecr 3780171470], length 0
1786464181.901600 ?     Out IP 10.231.135.10.41288 > 10.231.136.10.18080: Flags [S], seq 1320240361, win 65480, options [mss 65480,sackOK,TS val 3780171591 ecr 0,nop,wscale 10], length 0
1786464181.901653 ?     In  IP 10.231.136.10.18080 > 10.231.135.10.41288: Flags [S.], seq 2199283805, ack 1320240362, win 65468, options [mss 65480,sackOK,TS val 1669042689 ecr 3780171591,nop,wscale 10], length 0
1786464181.901673 ?     Out IP 10.231.135.10.41288 > 10.231.136.10.18080: Flags [.], ack 1, win 64, options [nop,nop,TS val 3780171591 ecr 1669042689], length 0
1786464181.901725 ?     Out IP 10.231.135.10.41288 > 10.231.136.10.18080: Flags [P.], seq 1:199, ack 1, win 64, options [nop,nop,TS val 3780171591 ecr 1669042689], length 198
1786464181.901738 ?     In  IP 10.231.136.10.18080 > 10.231.135.10.41288: Flags [.], ack 199, win 64, options [nop,nop,TS val 1669042689 ecr 3780171591], length 0
1786464181.901745 ?     Out IP 10.231.135.10.41288 > 10.231.136.10.18080: Flags [P.], seq 199:795, ack 1, win 64, options [nop,nop,TS val 3780171591 ecr 1669042689], length 596
1786464181.901752 ?     In  IP 10.231.136.10.18080 > 10.231.135.10.41288: Flags [.], ack 795, win 64, options [nop,nop,TS val 1669042689 ecr 3780171591], length 0
1786464181.904557 ?     In  IP 10.231.136.10.18080 > 10.231.135.10.41288: Flags [P.], seq 1:112, ack 795, win 64, options [nop,nop,TS val 1669042692 ecr 3780171591], length 111
1786464181.904575 ?     Out IP 10.231.135.10.41288 > 10.231.136.10.18080: Flags [.], ack 112, win 64, options [nop,nop,TS val 3780171594 ecr 1669042692], length 0
1786464181.904594 ?     In  IP 10.231.136.10.18080 > 10.231.135.10.41288: Flags [F.], seq 112, ack 795, win 64, options [nop,nop,TS val 1669042692 ecr 3780171594], length 0
1786464181.904621 ?     Out IP 10.231.135.10.41288 > 10.231.136.10.18080: Flags [F.], seq 795, ack 113, win 64, options [nop,nop,TS val 3780171594 ecr 1669042692], length 0
1786464181.904649 ?     In  IP 10.231.136.10.18080 > 10.231.135.10.41288: Flags [.], ack 796, win 64, options [nop,nop,TS val 1669042692 ecr 3780171594], length 0
1786464181.904715 ?     Out IP 10.231.135.10.41290 > 10.231.136.10.18080: Flags [S], seq 3582544648, win 65480, options [mss 65480,sackOK,TS val 3780171594 ecr 0,nop,wscale 10], length 0
1786464181.904735 ?     In  IP 10.231.136.10.18080 > 10.231.135.10.41290: Flags [S.], seq 38118705, ack 3582544649, win 65468, options [mss 65480,sackOK,TS val 1669042692 ecr 3780171594,nop,wscale 10], length 0
1786464181.904746 ?     Out IP 10.231.135.10.41290 > 10.231.136.10.18080: Flags [.], ack 1, win 64, options [nop,nop,TS val 3780171594 ecr 1669042692], length 0
1786464181.904786 ?     Out IP 10.231.135.10.41290 > 10.231.136.10.18080: Flags [P.], seq 1:197, ack 1, win 64, options [nop,nop,TS val 3780171594 ecr 1669042692], length 196
1786464181.904795 ?     In  IP 10.231.136.10.18080 > 10.231.135.10.41290: Flags [.], ack 197, win 64, options [nop,nop,TS val 1669042692 ecr 3780171594], length 0
1786464181.904956 ?     In  IP 10.231.136.10.18080 > 10.231.135.10.41290: Flags [P.], seq 1:109, ack 197, win 64, options [nop,nop,TS val 1669042692 ecr 3780171594], length 108
1786464181.904961 ?     Out IP 10.231.135.10.41290 > 10.231.136.10.18080: Flags [.], ack 109, win 64, options [nop,nop,TS val 3780171594 ecr 1669042692], length 0
1786464181.904970 ?     In  IP 10.231.136.10.18080 > 10.231.135.10.41290: Flags [P.], seq 109:705, ack 197, win 64, options [nop,nop,TS val 1669042692 ecr 3780171594], length 596
1786464181.904973 ?     Out IP 10.231.135.10.41290 > 10.231.136.10.18080: Flags [.], ack 705, win 64, options [nop,nop,TS val 3780171594 ecr 1669042692], length 0
1786464181.904979 ?     In  IP 10.231.136.10.18080 > 10.231.135.10.41290: Flags [F.], seq 705, ack 197, win 64, options [nop,nop,TS val 1669042692 ecr 3780171594], length 0
1786464181.904991 ?     Out IP 10.231.135.10.41290 > 10.231.136.10.18080: Flags [F.], seq 197, ack 706, win 64, options [nop,nop,TS val 3780171594 ecr 1669042692], length 0
1786464181.905002 ?     In  IP 10.231.136.10.18080 > 10.231.135.10.41290: Flags [.], ack 198, win 64, options [nop,nop,TS val 1669042692 ecr 3780171594], length 0
